// Jest Snapshot v1, https://goo.gl/fbAQLP

exports[`<Map /> renders correctly 1`] = `
<View
  style={
    Array [
      Object {
        "flex": 1,
      },
    ]
  }
>
  <MapView
    onMapReady={[Function]}
    showsUserLocation={true}
    style={
      Array [
        Object {
          "flex": 1,
        },
      ]
    }
  />
</View>
`;
